// Vitest Snapshot v1, https://vitest.dev/guide/snapshot.html

exports[`SearchBox component > should match snapshot 1`] = `
VueWrapper {
  "__app": {
    "_component": {
      "name": "VTU_ROOT",
      "render": [Function],
      "setup": [Function],
    },
    "_container": <div
      data-v-app=""
    >
      
      <label
        for="searchbox"
      >
        Search
      </label>
      <input
        data-testid="search-input"
        id="searchbox"
        placeholder="Search for a pizza"
      />
      
    </div>,
    "_context": {
      "app": [Circular],
      "components": {
        "RouterLink": {
          "compatConfig": {
            "MODE": 3,
          },
          "name": "RouterLink",
          "props": {
            "activeClass": [Function],
            "ariaCurrentValue": {
              "default": "page",
              "type": [Function],
            },
            "custom": [Function],
            "exactActiveClass": [Function],
            "replace": [Function],
            "to": {
              "required": true,
              "type": [
                [Function],
                [Function],
              ],
            },
          },
          "setup": [Function],
          "useLink": [Function],
        },
        "RouterView": {
          "compatConfig": {
            "MODE": 3,
          },
          "inheritAttrs": false,
          "name": "RouterView",
          "props": {
            "name": {
              "default": "default",
              "type": [Function],
            },
            "route": [Function],
          },
          "setup": [Function],
        },
        "transition": {
          "name": "transition",
        },
        "transition-group": {
          "name": "transition-group",
        },
      },
      "config": {
        "compilerOptions": {},
        "errorHandler": undefined,
        "globalProperties": {
          "$route": {
            "fullPath": "/",
            "hash": "",
            "matched": [],
            "meta": {},
            "name": undefined,
            "params": {},
            "path": "/",
            "query": {},
            "redirectedFrom": undefined,
          },
          "$router": {
            "__hasDevtools": true,
            "addRoute": [Function],
            "afterEach": [Function],
            "back": [Function],
            "beforeEach": [Function],
            "beforeResolve": [Function],
            "currentRoute": RefImpl {
              "__v_isRef": true,
              "__v_isShallow": true,
              "_rawValue": {
                "fullPath": "/",
                "hash": "",
                "matched": [],
                "meta": {},
                "name": undefined,
                "params": {},
                "path": "/",
                "query": {},
                "redirectedFrom": undefined,
              },
              "_value": {
                "fullPath": "/",
                "hash": "",
                "matched": [],
                "meta": {},
                "name": undefined,
                "params": {},
                "path": "/",
                "query": {},
                "redirectedFrom": undefined,
              },
              "dep": undefined,
            },
            "forward": [Function],
            "getRoutes": [Function],
            "go": [Function],
            "hasRoute": [Function],
            "install": [Function],
            "isReady": [Function],
            "listening": true,
            "onError": [Function],
            "options": {
              "history": {
                "base": "",
                "createHref": [Function],
                "destroy": [Function],
                "go": [Function],
                "listen": [Function],
                "location": "/",
                "pauseListeners": [Function],
                "push": [Function],
                "replace": [Function],
                "state": {
                  "back": null,
                  "current": "/",
                  "forward": null,
                  "position": 0,
                  "replaced": true,
                  "scroll": null,
                },
              },
              "routes": [
                {
                  "component": {
                    "__file": "/Users/mayashavin/dev/pizza-store-demo/src/views/PizzasView.vue",
                    "__name": "PizzasView",
                    "__scopeId": "data-v-bd7745b8",
                    "props": {
                      "searchTerm": {
                        "default": "",
                        "required": false,
                        "type": [Function],
                      },
                    },
                    "render": [Function],
                    "setup": [Function],
                  },
                  "name": "home",
                  "path": "/",
                  "props": [Function],
                },
                {
                  "component": {
                    "__file": "/Users/mayashavin/dev/pizza-store-demo/src/views/PizzaView.vue",
                    "__name": "PizzaView",
                    "__scopeId": "data-v-89eaa498",
                    "props": {
                      "id": {
                        "required": true,
                        "type": [Function],
                      },
                    },
                    "render": [Function],
                    "setup": [Function],
                  },
                  "name": "pizza",
                  "path": "/:id",
                  "props": true,
                },
                {
                  "component": {
                    "__file": "/Users/mayashavin/dev/pizza-store-demo/src/views/ErrorView.vue",
                    "__name": "ErrorView",
                    "render": [Function],
                    "setup": [Function],
                  },
                  "name": "error",
                  "path": "/:pathMatch(.*)*",
                  "redirect": "/",
                },
              ],
            },
            "push": [Function],
            "removeRoute": [Function],
            "replace": [Function],
            "resolve": [Function],
          },
        },
        "isNativeTag": [Function],
        "optionMergeStrategies": {},
        "performance": false,
        "warnHandler": undefined,
      },
      "directives": {},
      "emitsCache": WeakMap {},
      "mixins": [
        {
          "beforeCreate": [Function],
        },
      ],
      "optionsCache": WeakMap {},
      "propsCache": WeakMap {},
      "provides": {
        Symbol(router): {
          "__hasDevtools": true,
          "addRoute": [Function],
          "afterEach": [Function],
          "back": [Function],
          "beforeEach": [Function],
          "beforeResolve": [Function],
          "currentRoute": RefImpl {
            "__v_isRef": true,
            "__v_isShallow": true,
            "_rawValue": {
              "fullPath": "/",
              "hash": "",
              "matched": [],
              "meta": {},
              "name": undefined,
              "params": {},
              "path": "/",
              "query": {},
              "redirectedFrom": undefined,
            },
            "_value": {
              "fullPath": "/",
              "hash": "",
              "matched": [],
              "meta": {},
              "name": undefined,
              "params": {},
              "path": "/",
              "query": {},
              "redirectedFrom": undefined,
            },
            "dep": undefined,
          },
          "forward": [Function],
          "getRoutes": [Function],
          "go": [Function],
          "hasRoute": [Function],
          "install": [Function],
          "isReady": [Function],
          "listening": true,
          "onError": [Function],
          "options": {
            "history": {
              "base": "",
              "createHref": [Function],
              "destroy": [Function],
              "go": [Function],
              "listen": [Function],
              "location": "/",
              "pauseListeners": [Function],
              "push": [Function],
              "replace": [Function],
              "state": {
                "back": null,
                "current": "/",
                "forward": null,
                "position": 0,
                "replaced": true,
                "scroll": null,
              },
            },
            "routes": [
              {
                "component": {
                  "__file": "/Users/mayashavin/dev/pizza-store-demo/src/views/PizzasView.vue",
                  "__name": "PizzasView",
                  "__scopeId": "data-v-bd7745b8",
                  "props": {
                    "searchTerm": {
                      "default": "",
                      "required": false,
                      "type": [Function],
                    },
                  },
                  "render": [Function],
                  "setup": [Function],
                },
                "name": "home",
                "path": "/",
                "props": [Function],
              },
              {
                "component": {
                  "__file": "/Users/mayashavin/dev/pizza-store-demo/src/views/PizzaView.vue",
                  "__name": "PizzaView",
                  "__scopeId": "data-v-89eaa498",
                  "props": {
                    "id": {
                      "required": true,
                      "type": [Function],
                    },
                  },
                  "render": [Function],
                  "setup": [Function],
                },
                "name": "pizza",
                "path": "/:id",
                "props": true,
              },
              {
                "component": {
                  "__file": "/Users/mayashavin/dev/pizza-store-demo/src/views/ErrorView.vue",
                  "__name": "ErrorView",
                  "render": [Function],
                  "setup": [Function],
                },
                "name": "error",
                "path": "/:pathMatch(.*)*",
                "redirect": "/",
              },
            ],
          },
          "push": [Function],
          "removeRoute": [Function],
          "replace": [Function],
          "resolve": [Function],
        },
        Symbol(route location): {
          "fullPath": "/",
          "hash": "",
          "matched": [],
          "meta": {},
          "name": undefined,
          "params": {},
          "path": "/",
          "query": {},
          "redirectedFrom": undefined,
        },
        Symbol(router view location): RefImpl {
          "__v_isRef": true,
          "__v_isShallow": true,
          "_rawValue": {
            "fullPath": "/",
            "hash": "",
            "matched": [],
            "meta": {},
            "name": undefined,
            "params": {},
            "path": "/",
            "query": {},
            "redirectedFrom": undefined,
          },
          "_value": {
            "fullPath": "/",
            "hash": "",
            "matched": [],
            "meta": {},
            "name": undefined,
            "params": {},
            "path": "/",
            "query": {},
            "redirectedFrom": undefined,
          },
          "dep": undefined,
        },
      },
      "reload": [Function],
    },
    "_instance": {
      "a": null,
      "accessCache": {},
      "appContext": {
        "app": [Circular],
        "components": {
          "RouterLink": {
            "compatConfig": {
              "MODE": 3,
            },
            "name": "RouterLink",
            "props": {
              "activeClass": [Function],
              "ariaCurrentValue": {
                "default": "page",
                "type": [Function],
              },
              "custom": [Function],
              "exactActiveClass": [Function],
              "replace": [Function],
              "to": {
                "required": true,
                "type": [
                  [Function],
                  [Function],
                ],
              },
            },
            "setup": [Function],
            "useLink": [Function],
          },
          "RouterView": {
            "compatConfig": {
              "MODE": 3,
            },
            "inheritAttrs": false,
            "name": "RouterView",
            "props": {
              "name": {
                "default": "default",
                "type": [Function],
              },
              "route": [Function],
            },
            "setup": [Function],
          },
          "transition": {
            "name": "transition",
          },
          "transition-group": {
            "name": "transition-group",
          },
        },
        "config": {
          "compilerOptions": {},
          "errorHandler": undefined,
          "globalProperties": {
            "$route": {
              "fullPath": "/",
              "hash": "",
              "matched": [],
              "meta": {},
              "name": undefined,
              "params": {},
              "path": "/",
              "query": {},
              "redirectedFrom": undefined,
            },
            "$router": {
              "__hasDevtools": true,
              "addRoute": [Function],
              "afterEach": [Function],
              "back": [Function],
              "beforeEach": [Function],
              "beforeResolve": [Function],
              "currentRoute": RefImpl {
                "__v_isRef": true,
                "__v_isShallow": true,
                "_rawValue": {
                  "fullPath": "/",
                  "hash": "",
                  "matched": [],
                  "meta": {},
                  "name": undefined,
                  "params": {},
                  "path": "/",
                  "query": {},
                  "redirectedFrom": undefined,
                },
                "_value": {
                  "fullPath": "/",
                  "hash": "",
                  "matched": [],
                  "meta": {},
                  "name": undefined,
                  "params": {},
                  "path": "/",
                  "query": {},
                  "redirectedFrom": undefined,
                },
                "dep": undefined,
              },
              "forward": [Function],
              "getRoutes": [Function],
              "go": [Function],
              "hasRoute": [Function],
              "install": [Function],
              "isReady": [Function],
              "listening": true,
              "onError": [Function],
              "options": {
                "history": {
                  "base": "",
                  "createHref": [Function],
                  "destroy": [Function],
                  "go": [Function],
                  "listen": [Function],
                  "location": "/",
                  "pauseListeners": [Function],
                  "push": [Function],
                  "replace": [Function],
                  "state": {
                    "back": null,
                    "current": "/",
                    "forward": null,
                    "position": 0,
                    "replaced": true,
                    "scroll": null,
                  },
                },
                "routes": [
                  {
                    "component": {
                      "__file": "/Users/mayashavin/dev/pizza-store-demo/src/views/PizzasView.vue",
                      "__name": "PizzasView",
                      "__scopeId": "data-v-bd7745b8",
                      "props": {
                        "searchTerm": {
                          "default": "",
                          "required": false,
                          "type": [Function],
                        },
                      },
                      "render": [Function],
                      "setup": [Function],
                    },
                    "name": "home",
                    "path": "/",
                    "props": [Function],
                  },
                  {
                    "component": {
                      "__file": "/Users/mayashavin/dev/pizza-store-demo/src/views/PizzaView.vue",
                      "__name": "PizzaView",
                      "__scopeId": "data-v-89eaa498",
                      "props": {
                        "id": {
                          "required": true,
                          "type": [Function],
                        },
                      },
                      "render": [Function],
                      "setup": [Function],
                    },
                    "name": "pizza",
                    "path": "/:id",
                    "props": true,
                  },
                  {
                    "component": {
                      "__file": "/Users/mayashavin/dev/pizza-store-demo/src/views/ErrorView.vue",
                      "__name": "ErrorView",
                      "render": [Function],
                      "setup": [Function],
                    },
                    "name": "error",
                    "path": "/:pathMatch(.*)*",
                    "redirect": "/",
                  },
                ],
              },
              "push": [Function],
              "removeRoute": [Function],
              "replace": [Function],
              "resolve": [Function],
            },
          },
          "isNativeTag": [Function],
          "optionMergeStrategies": {},
          "performance": false,
          "warnHandler": undefined,
        },
        "directives": {},
        "emitsCache": WeakMap {},
        "mixins": [
          {
            "beforeCreate": [Function],
          },
        ],
        "optionsCache": WeakMap {},
        "propsCache": WeakMap {},
        "provides": {
          Symbol(router): {
            "__hasDevtools": true,
            "addRoute": [Function],
            "afterEach": [Function],
            "back": [Function],
            "beforeEach": [Function],
            "beforeResolve": [Function],
            "currentRoute": RefImpl {
              "__v_isRef": true,
              "__v_isShallow": true,
              "_rawValue": {
                "fullPath": "/",
                "hash": "",
                "matched": [],
                "meta": {},
                "name": undefined,
                "params": {},
                "path": "/",
                "query": {},
                "redirectedFrom": undefined,
              },
              "_value": {
                "fullPath": "/",
                "hash": "",
                "matched": [],
                "meta": {},
                "name": undefined,
                "params": {},
                "path": "/",
                "query": {},
                "redirectedFrom": undefined,
              },
              "dep": undefined,
            },
            "forward": [Function],
            "getRoutes": [Function],
            "go": [Function],
            "hasRoute": [Function],
            "install": [Function],
            "isReady": [Function],
            "listening": true,
            "onError": [Function],
            "options": {
              "history": {
                "base": "",
                "createHref": [Function],
                "destroy": [Function],
                "go": [Function],
                "listen": [Function],
                "location": "/",
                "pauseListeners": [Function],
                "push": [Function],
                "replace": [Function],
                "state": {
                  "back": null,
                  "current": "/",
                  "forward": null,
                  "position": 0,
                  "replaced": true,
                  "scroll": null,
                },
              },
              "routes": [
                {
                  "component": {
                    "__file": "/Users/mayashavin/dev/pizza-store-demo/src/views/PizzasView.vue",
                    "__name": "PizzasView",
                    "__scopeId": "data-v-bd7745b8",
                    "props": {
                      "searchTerm": {
                        "default": "",
                        "required": false,
                        "type": [Function],
                      },
                    },
                    "render": [Function],
                    "setup": [Function],
                  },
                  "name": "home",
                  "path": "/",
                  "props": [Function],
                },
                {
                  "component": {
                    "__file": "/Users/mayashavin/dev/pizza-store-demo/src/views/PizzaView.vue",
                    "__name": "PizzaView",
                    "__scopeId": "data-v-89eaa498",
                    "props": {
                      "id": {
                        "required": true,
                        "type": [Function],
                      },
                    },
                    "render": [Function],
                    "setup": [Function],
                  },
                  "name": "pizza",
                  "path": "/:id",
                  "props": true,
                },
                {
                  "component": {
                    "__file": "/Users/mayashavin/dev/pizza-store-demo/src/views/ErrorView.vue",
                    "__name": "ErrorView",
                    "render": [Function],
                    "setup": [Function],
                  },
                  "name": "error",
                  "path": "/:pathMatch(.*)*",
                  "redirect": "/",
                },
              ],
            },
            "push": [Function],
            "removeRoute": [Function],
            "replace": [Function],
            "resolve": [Function],
          },
          Symbol(route location): {
            "fullPath": "/",
            "hash": "",
            "matched": [],
            "meta": {},
            "name": undefined,
            "params": {},
            "path": "/",
            "query": {},
            "redirectedFrom": undefined,
          },
          Symbol(router view location): RefImpl {
            "__v_isRef": true,
            "__v_isShallow": true,
            "_rawValue": {
              "fullPath": "/",
              "hash": "",
              "matched": [],
              "meta": {},
              "name": undefined,
              "params": {},
              "path": "/",
              "query": {},
              "redirectedFrom": undefined,
            },
            "_value": {
              "fullPath": "/",
              "hash": "",
              "matched": [],
              "meta": {},
              "name": undefined,
              "params": {},
              "path": "/",
              "query": {},
              "redirectedFrom": undefined,
            },
            "dep": undefined,
          },
        },
        "reload": [Function],
      },
      "asyncDep": null,
      "asyncResolved": false,
      "attrs": {},
      "attrsProxy": null,
      "bc": null,
      "bm": null,
      "bu": null,
      "bum": null,
      "c": null,
      "components": null,
      "ctx": {
        "VTU_COMPONENT": {},
      },
      "da": null,
      "data": {},
      "devtoolsRawSetupState": {
        "VTU_COMPONENT": RefImpl {
          "__v_isRef": true,
          "__v_isShallow": false,
          "_rawValue": {},
          "_value": {},
          "dep": undefined,
        },
      },
      "directives": null,
      "ec": null,
      "effect": ReactiveEffect {
        "_depsLength": 5,
        "_dirtyLevel": 0,
        "_runnings": 0,
        "_shouldSchedule": false,
        "_trackId": 1,
        "active": true,
        "allowRecurse": true,
        "deps": [
          Map {
            [Circular] => 1,
          },
          Map {
            [Circular] => 1,
          },
          Map {
            [Circular] => 1,
          },
          Map {
            [Circular] => 1,
          },
          Map {
            [Circular] => 1,
          },
        ],
        "fn": [Function],
        "onTrack": undefined,
        "onTrigger": undefined,
        "scheduler": [Function],
        "trigger": [Function],
      },
      "emit": [Function],
      "emitsOptions": null,
      "emitted": null,
      "exposeProxy": null,
      "exposed": null,
      "inheritAttrs": undefined,
      "isDeactivated": false,
      "isMounted": true,
      "isUnmounted": false,
      "m": null,
      "next": null,
      "parent": null,
      "props": {},
      "propsDefaults": {},
      "propsOptions": [
        {},
        [],
      ],
      "provides": {},
      "proxy": {
        "VTU_COMPONENT": {},
      },
      "refs": {
        "VTU_COMPONENT": {},
      },
      "render": [Function],
      "renderCache": [],
      "root": [Circular],
      "rtc": null,
      "rtg": null,
      "scope": EffectScope {
        "_active": true,
        "cleanups": [],
        "detached": true,
        "effects": [
          ReactiveEffect {
            "_depsLength": 5,
            "_dirtyLevel": 0,
            "_runnings": 0,
            "_shouldSchedule": false,
            "_trackId": 1,
            "active": true,
            "allowRecurse": true,
            "deps": [
              Map {
                [Circular] => 1,
              },
              Map {
                [Circular] => 1,
              },
              Map {
                [Circular] => 1,
              },
              Map {
                [Circular] => 1,
              },
              Map {
                [Circular] => 1,
              },
            ],
            "fn": [Function],
            "onTrack": undefined,
            "onTrigger": undefined,
            "scheduler": [Function],
            "trigger": [Function],
          },
        ],
        "parent": undefined,
      },
      "setupContext": null,
      "setupState": {
        "VTU_COMPONENT": {},
      },
      "slots": {},
      "slotsProxy": null,
      "sp": null,
      "subTree": {
        "__v_isVNode": true,
        "__v_skip": true,
        "anchor": null,
        "appContext": null,
        "children": null,
        "component": {
          "a": null,
          "accessCache": {},
          "appContext": {
            "app": [Circular],
            "components": {
              "RouterLink": {
                "compatConfig": {
                  "MODE": 3,
                },
                "name": "RouterLink",
                "props": {
                  "activeClass": [Function],
                  "ariaCurrentValue": {
                    "default": "page",
                    "type": [Function],
                  },
                  "custom": [Function],
                  "exactActiveClass": [Function],
                  "replace": [Function],
                  "to": {
                    "required": true,
                    "type": [
                      [Function],
                      [Function],
                    ],
                  },
                },
                "setup": [Function],
                "useLink": [Function],
              },
              "RouterView": {
                "compatConfig": {
                  "MODE": 3,
                },
                "inheritAttrs": false,
                "name": "RouterView",
                "props": {
                  "name": {
                    "default": "default",
                    "type": [Function],
                  },
                  "route": [Function],
                },
                "setup": [Function],
              },
              "transition": {
                "name": "transition",
              },
              "transition-group": {
                "name": "transition-group",
              },
            },
            "config": {
              "compilerOptions": {},
              "errorHandler": undefined,
              "globalProperties": {
                "$route": {
                  "fullPath": "/",
                  "hash": "",
                  "matched": [],
                  "meta": {},
                  "name": undefined,
                  "params": {},
                  "path": "/",
                  "query": {},
                  "redirectedFrom": undefined,
                },
                "$router": {
                  "__hasDevtools": true,
                  "addRoute": [Function],
                  "afterEach": [Function],
                  "back": [Function],
                  "beforeEach": [Function],
                  "beforeResolve": [Function],
                  "currentRoute": RefImpl {
                    "__v_isRef": true,
                    "__v_isShallow": true,
                    "_rawValue": {
                      "fullPath": "/",
                      "hash": "",
                      "matched": [],
                      "meta": {},
                      "name": undefined,
                      "params": {},
                      "path": "/",
                      "query": {},
                      "redirectedFrom": undefined,
                    },
                    "_value": {
                      "fullPath": "/",
                      "hash": "",
                      "matched": [],
                      "meta": {},
                      "name": undefined,
                      "params": {},
                      "path": "/",
                      "query": {},
                      "redirectedFrom": undefined,
                    },
                    "dep": undefined,
                  },
                  "forward": [Function],
                  "getRoutes": [Function],
                  "go": [Function],
                  "hasRoute": [Function],
                  "install": [Function],
                  "isReady": [Function],
                  "listening": true,
                  "onError": [Function],
                  "options": {
                    "history": {
                      "base": "",
                      "createHref": [Function],
                      "destroy": [Function],
                      "go": [Function],
                      "listen": [Function],
                      "location": "/",
                      "pauseListeners": [Function],
                      "push": [Function],
                      "replace": [Function],
                      "state": {
                        "back": null,
                        "current": "/",
                        "forward": null,
                        "position": 0,
                        "replaced": true,
                        "scroll": null,
                      },
                    },
                    "routes": [
                      {
                        "component": {
                          "__file": "/Users/mayashavin/dev/pizza-store-demo/src/views/PizzasView.vue",
                          "__name": "PizzasView",
                          "__scopeId": "data-v-bd7745b8",
                          "props": {
                            "searchTerm": {
                              "default": "",
                              "required": false,
                              "type": [Function],
                            },
                          },
                          "render": [Function],
                          "setup": [Function],
                        },
                        "name": "home",
                        "path": "/",
                        "props": [Function],
                      },
                      {
                        "component": {
                          "__file": "/Users/mayashavin/dev/pizza-store-demo/src/views/PizzaView.vue",
                          "__name": "PizzaView",
                          "__scopeId": "data-v-89eaa498",
                          "props": {
                            "id": {
                              "required": true,
                              "type": [Function],
                            },
                          },
                          "render": [Function],
                          "setup": [Function],
                        },
                        "name": "pizza",
                        "path": "/:id",
                        "props": true,
                      },
                      {
                        "component": {
                          "__file": "/Users/mayashavin/dev/pizza-store-demo/src/views/ErrorView.vue",
                          "__name": "ErrorView",
                          "render": [Function],
                          "setup": [Function],
                        },
                        "name": "error",
                        "path": "/:pathMatch(.*)*",
                        "redirect": "/",
                      },
                    ],
                  },
                  "push": [Function],
                  "removeRoute": [Function],
                  "replace": [Function],
                  "resolve": [Function],
                },
              },
              "isNativeTag": [Function],
              "optionMergeStrategies": {},
              "performance": false,
              "warnHandler": undefined,
            },
            "directives": {},
            "emitsCache": WeakMap {},
            "mixins": [
              {
                "beforeCreate": [Function],
              },
            ],
            "optionsCache": WeakMap {},
            "propsCache": WeakMap {},
            "provides": {
              Symbol(router): {
                "__hasDevtools": true,
                "addRoute": [Function],
                "afterEach": [Function],
                "back": [Function],
                "beforeEach": [Function],
                "beforeResolve": [Function],
                "currentRoute": RefImpl {
                  "__v_isRef": true,
                  "__v_isShallow": true,
                  "_rawValue": {
                    "fullPath": "/",
                    "hash": "",
                    "matched": [],
                    "meta": {},
                    "name": undefined,
                    "params": {},
                    "path": "/",
                    "query": {},
                    "redirectedFrom": undefined,
                  },
                  "_value": {
                    "fullPath": "/",
                    "hash": "",
                    "matched": [],
                    "meta": {},
                    "name": undefined,
                    "params": {},
                    "path": "/",
                    "query": {},
                    "redirectedFrom": undefined,
                  },
                  "dep": undefined,
                },
                "forward": [Function],
                "getRoutes": [Function],
                "go": [Function],
                "hasRoute": [Function],
                "install": [Function],
                "isReady": [Function],
                "listening": true,
                "onError": [Function],
                "options": {
                  "history": {
                    "base": "",
                    "createHref": [Function],
                    "destroy": [Function],
                    "go": [Function],
                    "listen": [Function],
                    "location": "/",
                    "pauseListeners": [Function],
                    "push": [Function],
                    "replace": [Function],
                    "state": {
                      "back": null,
                      "current": "/",
                      "forward": null,
                      "position": 0,
                      "replaced": true,
                      "scroll": null,
                    },
                  },
                  "routes": [
                    {
                      "component": {
                        "__file": "/Users/mayashavin/dev/pizza-store-demo/src/views/PizzasView.vue",
                        "__name": "PizzasView",
                        "__scopeId": "data-v-bd7745b8",
                        "props": {
                          "searchTerm": {
                            "default": "",
                            "required": false,
                            "type": [Function],
                          },
                        },
                        "render": [Function],
                        "setup": [Function],
                      },
                      "name": "home",
                      "path": "/",
                      "props": [Function],
                    },
                    {
                      "component": {
                        "__file": "/Users/mayashavin/dev/pizza-store-demo/src/views/PizzaView.vue",
                        "__name": "PizzaView",
                        "__scopeId": "data-v-89eaa498",
                        "props": {
                          "id": {
                            "required": true,
                            "type": [Function],
                          },
                        },
                        "render": [Function],
                        "setup": [Function],
                      },
                      "name": "pizza",
                      "path": "/:id",
                      "props": true,
                    },
                    {
                      "component": {
                        "__file": "/Users/mayashavin/dev/pizza-store-demo/src/views/ErrorView.vue",
                        "__name": "ErrorView",
                        "render": [Function],
                        "setup": [Function],
                      },
                      "name": "error",
                      "path": "/:pathMatch(.*)*",
                      "redirect": "/",
                    },
                  ],
                },
                "push": [Function],
                "removeRoute": [Function],
                "replace": [Function],
                "resolve": [Function],
              },
              Symbol(route location): {
                "fullPath": "/",
                "hash": "",
                "matched": [],
                "meta": {},
                "name": undefined,
                "params": {},
                "path": "/",
                "query": {},
                "redirectedFrom": undefined,
              },
              Symbol(router view location): RefImpl {
                "__v_isRef": true,
                "__v_isShallow": true,
                "_rawValue": {
                  "fullPath": "/",
                  "hash": "",
                  "matched": [],
                  "meta": {},
                  "name": undefined,
                  "params": {},
                  "path": "/",
                  "query": {},
                  "redirectedFrom": undefined,
                },
                "_value": {
                  "fullPath": "/",
                  "hash": "",
                  "matched": [],
                  "meta": {},
                  "name": undefined,
                  "params": {},
                  "path": "/",
                  "query": {},
                  "redirectedFrom": undefined,
                },
                "dep": undefined,
              },
            },
            "reload": [Function],
          },
          "asyncDep": null,
          "asyncResolved": false,
          "attrs": {},
          "attrsProxy": null,
          "bc": null,
          "bm": null,
          "bu": null,
          "bum": null,
          "c": null,
          "components": {},
          "ctx": {
            "items": [],
            "searchTerm": "",
          },
          "da": null,
          "data": {},
          "devtoolsRawSetupState": {
            "emits": [Function],
            "props": {
              "items": [],
              "searchTerm": "",
            },
            "router": {
              "__hasDevtools": true,
              "addRoute": [Function],
              "afterEach": [Function],
              "back": [Function],
              "beforeEach": [Function],
              "beforeResolve": [Function],
              "currentRoute": RefImpl {
                "__v_isRef": true,
                "__v_isShallow": true,
                "_rawValue": {
                  "fullPath": "/",
                  "hash": "",
                  "matched": [],
                  "meta": {},
                  "name": undefined,
                  "params": {},
                  "path": "/",
                  "query": {},
                  "redirectedFrom": undefined,
                },
                "_value": {
                  "fullPath": "/",
                  "hash": "",
                  "matched": [],
                  "meta": {},
                  "name": undefined,
                  "params": {},
                  "path": "/",
                  "query": {},
                  "redirectedFrom": undefined,
                },
                "dep": undefined,
              },
              "forward": [Function],
              "getRoutes": [Function],
              "go": [Function],
              "hasRoute": [Function],
              "install": [Function],
              "isReady": [Function],
              "listening": true,
              "onError": [Function],
              "options": {
                "history": {
                  "base": "",
                  "createHref": [Function],
                  "destroy": [Function],
                  "go": [Function],
                  "listen": [Function],
                  "location": "/",
                  "pauseListeners": [Function],
                  "push": [Function],
                  "replace": [Function],
                  "state": {
                    "back": null,
                    "current": "/",
                    "forward": null,
                    "position": 0,
                    "replaced": true,
                    "scroll": null,
                  },
                },
                "routes": [
                  {
                    "component": {
                      "__file": "/Users/mayashavin/dev/pizza-store-demo/src/views/PizzasView.vue",
                      "__name": "PizzasView",
                      "__scopeId": "data-v-bd7745b8",
                      "props": {
                        "searchTerm": {
                          "default": "",
                          "required": false,
                          "type": [Function],
                        },
                      },
                      "render": [Function],
                      "setup": [Function],
                    },
                    "name": "home",
                    "path": "/",
                    "props": [Function],
                  },
                  {
                    "component": {
                      "__file": "/Users/mayashavin/dev/pizza-store-demo/src/views/PizzaView.vue",
                      "__name": "PizzaView",
                      "__scopeId": "data-v-89eaa498",
                      "props": {
                        "id": {
                          "required": true,
                          "type": [Function],
                        },
                      },
                      "render": [Function],
                      "setup": [Function],
                    },
                    "name": "pizza",
                    "path": "/:id",
                    "props": true,
                  },
                  {
                    "component": {
                      "__file": "/Users/mayashavin/dev/pizza-store-demo/src/views/ErrorView.vue",
                      "__name": "ErrorView",
                      "render": [Function],
                      "setup": [Function],
                    },
                    "name": "error",
                    "path": "/:pathMatch(.*)*",
                    "redirect": "/",
                  },
                ],
              },
              "push": [Function],
              "removeRoute": [Function],
              "replace": [Function],
              "resolve": [Function],
            },
            "search": RefImpl {
              "__v_isRef": true,
              "__v_isShallow": false,
              "_rawValue": "",
              "_value": "",
              "dep": Map {
                ReactiveEffect {
                  "_depsLength": 1,
                  "_dirtyLevel": 0,
                  "_runnings": 0,
                  "_shouldSchedule": false,
                  "_trackId": 1,
                  "active": true,
                  "deps": [
                    [Circular],
                  ],
                  "fn": [Function],
                  "onTrack": undefined,
                  "onTrigger": undefined,
                  "scheduler": [Function],
                  "trigger": [Function],
                } => 1,
                ReactiveEffect {
                  "_depsLength": 1,
                  "_dirtyLevel": 0,
                  "_runnings": 0,
                  "_shouldSchedule": false,
                  "_trackId": 1,
                  "active": true,
                  "computed": ComputedRefImpl {
                    "__v_isReadonly": true,
                    "__v_isRef": true,
                    "_cacheable": true,
                    "_setter": [Function],
                    "_value": [],
                    "dep": undefined,
                    "effect": [Circular],
                  },
                  "deps": [
                    [Circular],
                  ],
                  "fn": [Function],
                  "scheduler": [Function],
                  "trigger": [Function],
                } => 1,
                ReactiveEffect {
                  "_depsLength": 1,
                  "_dirtyLevel": 0,
                  "_runnings": 0,
                  "_shouldSchedule": false,
                  "_trackId": 1,
                  "active": true,
                  "allowRecurse": true,
                  "deps": [
                    [Circular],
                  ],
                  "fn": [Function],
                  "onTrack": undefined,
                  "onTrigger": undefined,
                  "scheduler": [Function],
                  "trigger": [Function],
                } => 1,
              },
            },
            "searchResults": ComputedRefImpl {
              "__v_isReadonly": true,
              "__v_isRef": true,
              "_cacheable": true,
              "_setter": [Function],
              "_value": [],
              "dep": undefined,
              "effect": ReactiveEffect {
                "_depsLength": 1,
                "_dirtyLevel": 0,
                "_runnings": 0,
                "_shouldSchedule": false,
                "_trackId": 1,
                "active": true,
                "computed": [Circular],
                "deps": [
                  Map {
                    ReactiveEffect {
                      "_depsLength": 1,
                      "_dirtyLevel": 0,
                      "_runnings": 0,
                      "_shouldSchedule": false,
                      "_trackId": 1,
                      "active": true,
                      "deps": [
                        [Circular],
                      ],
                      "fn": [Function],
                      "onTrack": undefined,
                      "onTrigger": undefined,
                      "scheduler": [Function],
                      "trigger": [Function],
                    } => 1,
                    [Circular] => 1,
                    ReactiveEffect {
                      "_depsLength": 1,
                      "_dirtyLevel": 0,
                      "_runnings": 0,
                      "_shouldSchedule": false,
                      "_trackId": 1,
                      "active": true,
                      "allowRecurse": true,
                      "deps": [
                        [Circular],
                      ],
                      "fn": [Function],
                      "onTrack": undefined,
                      "onTrigger": undefined,
                      "scheduler": [Function],
                      "trigger": [Function],
                    } => 1,
                  },
                ],
                "fn": [Function],
                "scheduler": [Function],
                "trigger": [Function],
              },
            },
            "useRouter": [Function],
            "useSearch": [Function],
            "watch": [Function],
          },
          "directives": null,
          "ec": null,
          "effect": ReactiveEffect {
            "_depsLength": 1,
            "_dirtyLevel": 0,
            "_runnings": 0,
            "_shouldSchedule": false,
            "_trackId": 1,
            "active": true,
            "allowRecurse": true,
            "deps": [
              Map {
                ReactiveEffect {
                  "_depsLength": 1,
                  "_dirtyLevel": 0,
                  "_runnings": 0,
                  "_shouldSchedule": false,
                  "_trackId": 1,
                  "active": true,
                  "deps": [
                    [Circular],
                  ],
                  "fn": [Function],
                  "onTrack": undefined,
                  "onTrigger": undefined,
                  "scheduler": [Function],
                  "trigger": [Function],
                } => 1,
                ReactiveEffect {
                  "_depsLength": 1,
                  "_dirtyLevel": 0,
                  "_runnings": 0,
                  "_shouldSchedule": false,
                  "_trackId": 1,
                  "active": true,
                  "computed": ComputedRefImpl {
                    "__v_isReadonly": true,
                    "__v_isRef": true,
                    "_cacheable": true,
                    "_setter": [Function],
                    "_value": [],
                    "dep": undefined,
                    "effect": [Circular],
                  },
                  "deps": [
                    [Circular],
                  ],
                  "fn": [Function],
                  "scheduler": [Function],
                  "trigger": [Function],
                } => 1,
                [Circular] => 1,
              },
            ],
            "fn": [Function],
            "onTrack": undefined,
            "onTrigger": undefined,
            "scheduler": [Function],
            "trigger": [Function],
          },
          "emit": [Function],
          "emitsOptions": {
            "update-items": null,
          },
          "emitted": null,
          "exposeProxy": {},
          "exposed": {},
          "inheritAttrs": undefined,
          "isDeactivated": false,
          "isMounted": true,
          "isUnmounted": false,
          "m": null,
          "next": null,
          "parent": [Circular],
          "props": {
            "items": [],
            "searchTerm": "",
          },
          "propsDefaults": {},
          "propsOptions": [
            {
              "items": {
                "0": false,
                "1": true,
                "default": [Function],
                "required": true,
                "type": [Function],
              },
              "searchTerm": {
                "0": false,
                "1": true,
                "default": "",
                "required": false,
                "type": [Function],
              },
            },
            [
              "searchTerm",
              "items",
            ],
          ],
          "provides": {},
          "proxy": {
            "items": [],
            "searchTerm": "",
          },
          "refs": {},
          "render": [Function],
          "renderCache": [
            [Function],
          ],
          "root": [Circular],
          "rtc": null,
          "rtg": null,
          "scope": EffectScope {
            "_active": true,
            "cleanups": [],
            "detached": true,
            "effects": [
              ReactiveEffect {
                "_depsLength": 1,
                "_dirtyLevel": 0,
                "_runnings": 0,
                "_shouldSchedule": false,
                "_trackId": 1,
                "active": true,
                "computed": ComputedRefImpl {
                  "__v_isReadonly": true,
                  "__v_isRef": true,
                  "_cacheable": true,
                  "_setter": [Function],
                  "_value": [],
                  "dep": undefined,
                  "effect": [Circular],
                },
                "deps": [
                  Map {
                    ReactiveEffect {
                      "_depsLength": 1,
                      "_dirtyLevel": 0,
                      "_runnings": 0,
                      "_shouldSchedule": false,
                      "_trackId": 1,
                      "active": true,
                      "deps": [
                        [Circular],
                      ],
                      "fn": [Function],
                      "onTrack": undefined,
                      "onTrigger": undefined,
                      "scheduler": [Function],
                      "trigger": [Function],
                    } => 1,
                    [Circular] => 1,
                    ReactiveEffect {
                      "_depsLength": 1,
                      "_dirtyLevel": 0,
                      "_runnings": 0,
                      "_shouldSchedule": false,
                      "_trackId": 1,
                      "active": true,
                      "allowRecurse": true,
                      "deps": [
                        [Circular],
                      ],
                      "fn": [Function],
                      "onTrack": undefined,
                      "onTrigger": undefined,
                      "scheduler": [Function],
                      "trigger": [Function],
                    } => 1,
                  },
                ],
                "fn": [Function],
                "scheduler": [Function],
                "trigger": [Function],
              },
              ReactiveEffect {
                "_depsLength": 1,
                "_dirtyLevel": 0,
                "_runnings": 0,
                "_shouldSchedule": false,
                "_trackId": 1,
                "active": true,
                "deps": [
                  Map {
                    [Circular] => 1,
                    ReactiveEffect {
                      "_depsLength": 1,
                      "_dirtyLevel": 0,
                      "_runnings": 0,
                      "_shouldSchedule": false,
                      "_trackId": 1,
                      "active": true,
                      "computed": ComputedRefImpl {
                        "__v_isReadonly": true,
                        "__v_isRef": true,
                        "_cacheable": true,
                        "_setter": [Function],
                        "_value": [],
                        "dep": undefined,
                        "effect": [Circular],
                      },
                      "deps": [
                        [Circular],
                      ],
                      "fn": [Function],
                      "scheduler": [Function],
                      "trigger": [Function],
                    } => 1,
                    ReactiveEffect {
                      "_depsLength": 1,
                      "_dirtyLevel": 0,
                      "_runnings": 0,
                      "_shouldSchedule": false,
                      "_trackId": 1,
                      "active": true,
                      "allowRecurse": true,
                      "deps": [
                        [Circular],
                      ],
                      "fn": [Function],
                      "onTrack": undefined,
                      "onTrigger": undefined,
                      "scheduler": [Function],
                      "trigger": [Function],
                    } => 1,
                  },
                ],
                "fn": [Function],
                "onTrack": undefined,
                "onTrigger": undefined,
                "scheduler": [Function],
                "trigger": [Function],
              },
              ReactiveEffect {
                "_depsLength": 1,
                "_dirtyLevel": 0,
                "_runnings": 0,
                "_shouldSchedule": false,
                "_trackId": 1,
                "active": true,
                "allowRecurse": true,
                "deps": [
                  Map {
                    ReactiveEffect {
                      "_depsLength": 1,
                      "_dirtyLevel": 0,
                      "_runnings": 0,
                      "_shouldSchedule": false,
                      "_trackId": 1,
                      "active": true,
                      "deps": [
                        [Circular],
                      ],
                      "fn": [Function],
                      "onTrack": undefined,
                      "onTrigger": undefined,
                      "scheduler": [Function],
                      "trigger": [Function],
                    } => 1,
                    ReactiveEffect {
                      "_depsLength": 1,
                      "_dirtyLevel": 0,
                      "_runnings": 0,
                      "_shouldSchedule": false,
                      "_trackId": 1,
                      "active": true,
                      "computed": ComputedRefImpl {
                        "__v_isReadonly": true,
                        "__v_isRef": true,
                        "_cacheable": true,
                        "_setter": [Function],
                        "_value": [],
                        "dep": undefined,
                        "effect": [Circular],
                      },
                      "deps": [
                        [Circular],
                      ],
                      "fn": [Function],
                      "scheduler": [Function],
                      "trigger": [Function],
                    } => 1,
                    [Circular] => 1,
                  },
                ],
                "fn": [Function],
                "onTrack": undefined,
                "onTrigger": undefined,
                "scheduler": [Function],
                "trigger": [Function],
              },
            ],
            "parent": undefined,
          },
          "setupContext": {
            "attrs": {},
            "emit": [Function],
            "expose": [Function],
            "slots": {},
          },
          "setupState": {
            "emits": [Function],
            "props": {
              "items": [],
              "searchTerm": "",
            },
            "router": {
              "__hasDevtools": true,
              "addRoute": [Function],
              "afterEach": [Function],
              "back": [Function],
              "beforeEach": [Function],
              "beforeResolve": [Function],
              "currentRoute": RefImpl {
                "__v_isRef": true,
                "__v_isShallow": true,
                "_rawValue": {
                  "fullPath": "/",
                  "hash": "",
                  "matched": [],
                  "meta": {},
                  "name": undefined,
                  "params": {},
                  "path": "/",
                  "query": {},
                  "redirectedFrom": undefined,
                },
                "_value": {
                  "fullPath": "/",
                  "hash": "",
                  "matched": [],
                  "meta": {},
                  "name": undefined,
                  "params": {},
                  "path": "/",
                  "query": {},
                  "redirectedFrom": undefined,
                },
                "dep": undefined,
              },
              "forward": [Function],
              "getRoutes": [Function],
              "go": [Function],
              "hasRoute": [Function],
              "install": [Function],
              "isReady": [Function],
              "listening": true,
              "onError": [Function],
              "options": {
                "history": {
                  "base": "",
                  "createHref": [Function],
                  "destroy": [Function],
                  "go": [Function],
                  "listen": [Function],
                  "location": "/",
                  "pauseListeners": [Function],
                  "push": [Function],
                  "replace": [Function],
                  "state": {
                    "back": null,
                    "current": "/",
                    "forward": null,
                    "position": 0,
                    "replaced": true,
                    "scroll": null,
                  },
                },
                "routes": [
                  {
                    "component": {
                      "__file": "/Users/mayashavin/dev/pizza-store-demo/src/views/PizzasView.vue",
                      "__name": "PizzasView",
                      "__scopeId": "data-v-bd7745b8",
                      "props": {
                        "searchTerm": {
                          "default": "",
                          "required": false,
                          "type": [Function],
                        },
                      },
                      "render": [Function],
                      "setup": [Function],
                    },
                    "name": "home",
                    "path": "/",
                    "props": [Function],
                  },
                  {
                    "component": {
                      "__file": "/Users/mayashavin/dev/pizza-store-demo/src/views/PizzaView.vue",
                      "__name": "PizzaView",
                      "__scopeId": "data-v-89eaa498",
                      "props": {
                        "id": {
                          "required": true,
                          "type": [Function],
                        },
                      },
                      "render": [Function],
                      "setup": [Function],
                    },
                    "name": "pizza",
                    "path": "/:id",
                    "props": true,
                  },
                  {
                    "component": {
                      "__file": "/Users/mayashavin/dev/pizza-store-demo/src/views/ErrorView.vue",
                      "__name": "ErrorView",
                      "render": [Function],
                      "setup": [Function],
                    },
                    "name": "error",
                    "path": "/:pathMatch(.*)*",
                    "redirect": "/",
                  },
                ],
              },
              "push": [Function],
              "removeRoute": [Function],
              "replace": [Function],
              "resolve": [Function],
            },
            "search": "",
            "searchResults": [],
            "useRouter": [Function],
            "useSearch": [Function],
            "watch": [Function],
          },
          "slots": {},
          "slotsProxy": {},
          "sp": null,
          "subTree": {
            "__v_isVNode": true,
            "__v_skip": true,
            "anchor": ,
            "appContext": null,
            "children": [
              {
                "__v_isVNode": true,
                "__v_skip": true,
                "anchor": null,
                "appContext": null,
                "ce": undefined,
                "children": "Search",
                "component": null,
                "ctx": null,
                "dirs": null,
                "dynamicChildren": null,
                "dynamicProps": null,
                "el": <label
                  for="searchbox"
                >
                  Search
                </label>,
                "key": null,
                "patchFlag": -1,
                "props": {
                  "for": "searchbox",
                },
                "ref": null,
                "scopeId": null,
                "shapeFlag": 9,
                "slotScopeIds": null,
                "ssContent": null,
                "ssFallback": null,
                "staticCount": 0,
                "suspense": null,
                "target": null,
                "targetAnchor": null,
                "transition": null,
                "type": "label",
              },
              {
                "__v_isVNode": true,
                "__v_skip": true,
                "anchor": null,
                "appContext": null,
                "children": null,
                "component": null,
                "ctx": [Circular],
                "dirs": [
                  {
                    "arg": undefined,
                    "dir": {
                      "beforeUpdate": [Function],
                      "created": [Function],
                      "getSSRProps": [Function],
                      "mounted": [Function],
                    },
                    "instance": {},
                    "modifiers": {},
                    "oldValue": undefined,
                    "value": "",
                  },
                ],
                "dynamicChildren": null,
                "dynamicProps": null,
                "el": <input
                  data-testid="search-input"
                  id="searchbox"
                  placeholder="Search for a pizza"
                />,
                "key": null,
                "patchFlag": 512,
                "props": {
                  "data-testid": "search-input",
                  "id": "searchbox",
                  "onUpdate:modelValue": [Function],
                  "placeholder": "Search for a pizza",
                },
                "ref": null,
                "scopeId": null,
                "shapeFlag": 1,
                "slotScopeIds": null,
                "ssContent": null,
                "ssFallback": null,
                "staticCount": 0,
                "suspense": null,
                "target": null,
                "targetAnchor": null,
                "transition": null,
                "type": "input",
              },
            ],
            "component": null,
            "ctx": [Circular],
            "dirs": null,
            "dynamicChildren": [
              {
                "__v_isVNode": true,
                "__v_skip": true,
                "anchor": null,
                "appContext": null,
                "children": null,
                "component": null,
                "ctx": [Circular],
                "dirs": [
                  {
                    "arg": undefined,
                    "dir": {
                      "beforeUpdate": [Function],
                      "created": [Function],
                      "getSSRProps": [Function],
                      "mounted": [Function],
                    },
                    "instance": {},
                    "modifiers": {},
                    "oldValue": undefined,
                    "value": "",
                  },
                ],
                "dynamicChildren": null,
                "dynamicProps": null,
                "el": <input
                  data-testid="search-input"
                  id="searchbox"
                  placeholder="Search for a pizza"
                />,
                "key": null,
                "patchFlag": 512,
                "props": {
                  "data-testid": "search-input",
                  "id": "searchbox",
                  "onUpdate:modelValue": [Function],
                  "placeholder": "Search for a pizza",
                },
                "ref": null,
                "scopeId": null,
                "shapeFlag": 1,
                "slotScopeIds": null,
                "ssContent": null,
                "ssFallback": null,
                "staticCount": 0,
                "suspense": null,
                "target": null,
                "targetAnchor": null,
                "transition": null,
                "type": "input",
              },
            ],
            "dynamicProps": null,
            "el": ,
            "key": null,
            "patchFlag": 64,
            "props": null,
            "ref": null,
            "scopeId": null,
            "shapeFlag": 16,
            "slotScopeIds": null,
            "ssContent": null,
            "ssFallback": null,
            "staticCount": 0,
            "suspense": null,
            "target": null,
            "targetAnchor": null,
            "transition": null,
            "type": Symbol(v-fgt),
          },
          "suspense": null,
          "suspenseId": 0,
          "type": {
            "__file": "/Users/mayashavin/dev/pizza-store-demo/src/components/SearchBox.vue",
            "__name": "SearchBox",
            "components": {},
            "emits": [
              "update-items",
            ],
            "props": {
              "items": {
                "default": [Function],
                "required": true,
                "type": [Function],
              },
              "searchTerm": {
                "default": "",
                "required": false,
                "type": [Function],
              },
            },
            "render": [Function],
            "setup": [Function],
          },
          "u": null,
          "uid": 5,
          "um": null,
          "update": [Function],
          "vnode": [Circular],
          "withProxy": null,
        },
        "ctx": [Circular],
        "dirs": null,
        "dynamicChildren": null,
        "dynamicProps": null,
        "el": ,
        "key": null,
        "patchFlag": 0,
        "props": {
          "items": [],
          "ref": "VTU_COMPONENT",
          "searchTerm": "",
        },
        "ref": {
          "f": false,
          "i": [Circular],
          "k": undefined,
          "r": "VTU_COMPONENT",
        },
        "scopeId": null,
        "shapeFlag": 4,
        "slotScopeIds": null,
        "ssContent": null,
        "ssFallback": null,
        "staticCount": 0,
        "suspense": null,
        "target": null,
        "targetAnchor": null,
        "transition": null,
        "type": {
          "__file": "/Users/mayashavin/dev/pizza-store-demo/src/components/SearchBox.vue",
          "__name": "SearchBox",
          "components": {},
          "emits": [
            "update-items",
          ],
          "props": {
            "items": {
              "default": [Function],
              "required": true,
              "type": [Function],
            },
            "searchTerm": {
              "default": "",
              "required": false,
              "type": [Function],
            },
          },
          "render": [Function],
          "setup": [Function],
        },
      },
      "suspense": null,
      "suspenseId": 0,
      "type": {
        "name": "VTU_ROOT",
        "render": [Function],
        "setup": [Function],
      },
      "u": null,
      "uid": 4,
      "um": null,
      "update": [Function],
      "vnode": {
        "__v_isVNode": true,
        "__v_skip": true,
        "anchor": null,
        "appContext": {
          "app": [Circular],
          "components": {
            "RouterLink": {
              "compatConfig": {
                "MODE": 3,
              },
              "name": "RouterLink",
              "props": {
                "activeClass": [Function],
                "ariaCurrentValue": {
                  "default": "page",
                  "type": [Function],
                },
                "custom": [Function],
                "exactActiveClass": [Function],
                "replace": [Function],
                "to": {
                  "required": true,
                  "type": [
                    [Function],
                    [Function],
                  ],
                },
              },
              "setup": [Function],
              "useLink": [Function],
            },
            "RouterView": {
              "compatConfig": {
                "MODE": 3,
              },
              "inheritAttrs": false,
              "name": "RouterView",
              "props": {
                "name": {
                  "default": "default",
                  "type": [Function],
                },
                "route": [Function],
              },
              "setup": [Function],
            },
            "transition": {
              "name": "transition",
            },
            "transition-group": {
              "name": "transition-group",
            },
          },
          "config": {
            "compilerOptions": {},
            "errorHandler": undefined,
            "globalProperties": {
              "$route": {
                "fullPath": "/",
                "hash": "",
                "matched": [],
                "meta": {},
                "name": undefined,
                "params": {},
                "path": "/",
                "query": {},
                "redirectedFrom": undefined,
              },
              "$router": {
                "__hasDevtools": true,
                "addRoute": [Function],
                "afterEach": [Function],
                "back": [Function],
                "beforeEach": [Function],
                "beforeResolve": [Function],
                "currentRoute": RefImpl {
                  "__v_isRef": true,
                  "__v_isShallow": true,
                  "_rawValue": {
                    "fullPath": "/",
                    "hash": "",
                    "matched": [],
                    "meta": {},
                    "name": undefined,
                    "params": {},
                    "path": "/",
                    "query": {},
                    "redirectedFrom": undefined,
                  },
                  "_value": {
                    "fullPath": "/",
                    "hash": "",
                    "matched": [],
                    "meta": {},
                    "name": undefined,
                    "params": {},
                    "path": "/",
                    "query": {},
                    "redirectedFrom": undefined,
                  },
                  "dep": undefined,
                },
                "forward": [Function],
                "getRoutes": [Function],
                "go": [Function],
                "hasRoute": [Function],
                "install": [Function],
                "isReady": [Function],
                "listening": true,
                "onError": [Function],
                "options": {
                  "history": {
                    "base": "",
                    "createHref": [Function],
                    "destroy": [Function],
                    "go": [Function],
                    "listen": [Function],
                    "location": "/",
                    "pauseListeners": [Function],
                    "push": [Function],
                    "replace": [Function],
                    "state": {
                      "back": null,
                      "current": "/",
                      "forward": null,
                      "position": 0,
                      "replaced": true,
                      "scroll": null,
                    },
                  },
                  "routes": [
                    {
                      "component": {
                        "__file": "/Users/mayashavin/dev/pizza-store-demo/src/views/PizzasView.vue",
                        "__name": "PizzasView",
                        "__scopeId": "data-v-bd7745b8",
                        "props": {
                          "searchTerm": {
                            "default": "",
                            "required": false,
                            "type": [Function],
                          },
                        },
                        "render": [Function],
                        "setup": [Function],
                      },
                      "name": "home",
                      "path": "/",
                      "props": [Function],
                    },
                    {
                      "component": {
                        "__file": "/Users/mayashavin/dev/pizza-store-demo/src/views/PizzaView.vue",
                        "__name": "PizzaView",
                        "__scopeId": "data-v-89eaa498",
                        "props": {
                          "id": {
                            "required": true,
                            "type": [Function],
                          },
                        },
                        "render": [Function],
                        "setup": [Function],
                      },
                      "name": "pizza",
                      "path": "/:id",
                      "props": true,
                    },
                    {
                      "component": {
                        "__file": "/Users/mayashavin/dev/pizza-store-demo/src/views/ErrorView.vue",
                        "__name": "ErrorView",
                        "render": [Function],
                        "setup": [Function],
                      },
                      "name": "error",
                      "path": "/:pathMatch(.*)*",
                      "redirect": "/",
                    },
                  ],
                },
                "push": [Function],
                "removeRoute": [Function],
                "replace": [Function],
                "resolve": [Function],
              },
            },
            "isNativeTag": [Function],
            "optionMergeStrategies": {},
            "performance": false,
            "warnHandler": undefined,
          },
          "directives": {},
          "emitsCache": WeakMap {},
          "mixins": [
            {
              "beforeCreate": [Function],
            },
          ],
          "optionsCache": WeakMap {},
          "propsCache": WeakMap {},
          "provides": {
            Symbol(router): {
              "__hasDevtools": true,
              "addRoute": [Function],
              "afterEach": [Function],
              "back": [Function],
              "beforeEach": [Function],
              "beforeResolve": [Function],
              "currentRoute": RefImpl {
                "__v_isRef": true,
                "__v_isShallow": true,
                "_rawValue": {
                  "fullPath": "/",
                  "hash": "",
                  "matched": [],
                  "meta": {},
                  "name": undefined,
                  "params": {},
                  "path": "/",
                  "query": {},
                  "redirectedFrom": undefined,
                },
                "_value": {
                  "fullPath": "/",
                  "hash": "",
                  "matched": [],
                  "meta": {},
                  "name": undefined,
                  "params": {},
                  "path": "/",
                  "query": {},
                  "redirectedFrom": undefined,
                },
                "dep": undefined,
              },
              "forward": [Function],
              "getRoutes": [Function],
              "go": [Function],
              "hasRoute": [Function],
              "install": [Function],
              "isReady": [Function],
              "listening": true,
              "onError": [Function],
              "options": {
                "history": {
                  "base": "",
                  "createHref": [Function],
                  "destroy": [Function],
                  "go": [Function],
                  "listen": [Function],
                  "location": "/",
                  "pauseListeners": [Function],
                  "push": [Function],
                  "replace": [Function],
                  "state": {
                    "back": null,
                    "current": "/",
                    "forward": null,
                    "position": 0,
                    "replaced": true,
                    "scroll": null,
                  },
                },
                "routes": [
                  {
                    "component": {
                      "__file": "/Users/mayashavin/dev/pizza-store-demo/src/views/PizzasView.vue",
                      "__name": "PizzasView",
                      "__scopeId": "data-v-bd7745b8",
                      "props": {
                        "searchTerm": {
                          "default": "",
                          "required": false,
                          "type": [Function],
                        },
                      },
                      "render": [Function],
                      "setup": [Function],
                    },
                    "name": "home",
                    "path": "/",
                    "props": [Function],
                  },
                  {
                    "component": {
                      "__file": "/Users/mayashavin/dev/pizza-store-demo/src/views/PizzaView.vue",
                      "__name": "PizzaView",
                      "__scopeId": "data-v-89eaa498",
                      "props": {
                        "id": {
                          "required": true,
                          "type": [Function],
                        },
                      },
                      "render": [Function],
                      "setup": [Function],
                    },
                    "name": "pizza",
                    "path": "/:id",
                    "props": true,
                  },
                  {
                    "component": {
                      "__file": "/Users/mayashavin/dev/pizza-store-demo/src/views/ErrorView.vue",
                      "__name": "ErrorView",
                      "render": [Function],
                      "setup": [Function],
                    },
                    "name": "error",
                    "path": "/:pathMatch(.*)*",
                    "redirect": "/",
                  },
                ],
              },
              "push": [Function],
              "removeRoute": [Function],
              "replace": [Function],
              "resolve": [Function],
            },
            Symbol(route location): {
              "fullPath": "/",
              "hash": "",
              "matched": [],
              "meta": {},
              "name": undefined,
              "params": {},
              "path": "/",
              "query": {},
              "redirectedFrom": undefined,
            },
            Symbol(router view location): RefImpl {
              "__v_isRef": true,
              "__v_isShallow": true,
              "_rawValue": {
                "fullPath": "/",
                "hash": "",
                "matched": [],
                "meta": {},
                "name": undefined,
                "params": {},
                "path": "/",
                "query": {},
                "redirectedFrom": undefined,
              },
              "_value": {
                "fullPath": "/",
                "hash": "",
                "matched": [],
                "meta": {},
                "name": undefined,
                "params": {},
                "path": "/",
                "query": {},
                "redirectedFrom": undefined,
              },
              "dep": undefined,
            },
          },
          "reload": [Function],
        },
        "children": null,
        "component": [Circular],
        "ctx": null,
        "dirs": null,
        "dynamicChildren": null,
        "dynamicProps": null,
        "el": ,
        "key": null,
        "patchFlag": 0,
        "props": null,
        "ref": null,
        "scopeId": null,
        "shapeFlag": 4,
        "slotScopeIds": null,
        "ssContent": null,
        "ssFallback": null,
        "staticCount": 0,
        "suspense": null,
        "target": null,
        "targetAnchor": null,
        "transition": null,
        "type": {
          "name": "VTU_ROOT",
          "render": [Function],
          "setup": [Function],
        },
      },
      "withProxy": null,
    },
    "_props": null,
    "_uid": 2,
    "component": [Function],
    "config": {
      "compilerOptions": {},
      "errorHandler": undefined,
      "globalProperties": {
        "$route": {
          "fullPath": "/",
          "hash": "",
          "matched": [],
          "meta": {},
          "name": undefined,
          "params": {},
          "path": "/",
          "query": {},
          "redirectedFrom": undefined,
        },
        "$router": {
          "__hasDevtools": true,
          "addRoute": [Function],
          "afterEach": [Function],
          "back": [Function],
          "beforeEach": [Function],
          "beforeResolve": [Function],
          "currentRoute": RefImpl {
            "__v_isRef": true,
            "__v_isShallow": true,
            "_rawValue": {
              "fullPath": "/",
              "hash": "",
              "matched": [],
              "meta": {},
              "name": undefined,
              "params": {},
              "path": "/",
              "query": {},
              "redirectedFrom": undefined,
            },
            "_value": {
              "fullPath": "/",
              "hash": "",
              "matched": [],
              "meta": {},
              "name": undefined,
              "params": {},
              "path": "/",
              "query": {},
              "redirectedFrom": undefined,
            },
            "dep": undefined,
          },
          "forward": [Function],
          "getRoutes": [Function],
          "go": [Function],
          "hasRoute": [Function],
          "install": [Function],
          "isReady": [Function],
          "listening": true,
          "onError": [Function],
          "options": {
            "history": {
              "base": "",
              "createHref": [Function],
              "destroy": [Function],
              "go": [Function],
              "listen": [Function],
              "location": "/",
              "pauseListeners": [Function],
              "push": [Function],
              "replace": [Function],
              "state": {
                "back": null,
                "current": "/",
                "forward": null,
                "position": 0,
                "replaced": true,
                "scroll": null,
              },
            },
            "routes": [
              {
                "component": {
                  "__file": "/Users/mayashavin/dev/pizza-store-demo/src/views/PizzasView.vue",
                  "__name": "PizzasView",
                  "__scopeId": "data-v-bd7745b8",
                  "props": {
                    "searchTerm": {
                      "default": "",
                      "required": false,
                      "type": [Function],
                    },
                  },
                  "render": [Function],
                  "setup": [Function],
                },
                "name": "home",
                "path": "/",
                "props": [Function],
              },
              {
                "component": {
                  "__file": "/Users/mayashavin/dev/pizza-store-demo/src/views/PizzaView.vue",
                  "__name": "PizzaView",
                  "__scopeId": "data-v-89eaa498",
                  "props": {
                    "id": {
                      "required": true,
                      "type": [Function],
                    },
                  },
                  "render": [Function],
                  "setup": [Function],
                },
                "name": "pizza",
                "path": "/:id",
                "props": true,
              },
              {
                "component": {
                  "__file": "/Users/mayashavin/dev/pizza-store-demo/src/views/ErrorView.vue",
                  "__name": "ErrorView",
                  "render": [Function],
                  "setup": [Function],
                },
                "name": "error",
                "path": "/:pathMatch(.*)*",
                "redirect": "/",
              },
            ],
          },
          "push": [Function],
          "removeRoute": [Function],
          "replace": [Function],
          "resolve": [Function],
        },
      },
      "isNativeTag": [Function],
      "optionMergeStrategies": {},
      "performance": false,
      "warnHandler": undefined,
    },
    "directive": [Function],
    "mixin": [Function],
    "mount": [Function],
    "provide": [Function],
    "runWithContext": [Function],
    "unmount": [Function],
    "use": [Function],
    "version": "3.4.15",
  },
  "__setProps": [Function],
  "cleanUpCallbacks": [],
  "componentVM": {},
  "isDisabled": [Function],
  "rootVM": {
    "VTU_COMPONENT": {},
  },
  "wrapperElement": ,
}
`;
